// Vitest Snapshot v1, https://vitest.dev/guide/snapshot.html

exports[`Folder Controls > should render controls within a folder 1`] = `
"<div style=\\"left: 704px; top: 10px;\\" class=\\"tl-absolute tl-select-none tl-z-24 tl-w-280px tl-font-sans tl-text-xs\\">
  <div tabindex=\\"0\\" class=\\"tl-shadow-xl tl-rounded tl-border-4 tl-border-solid tl-bg-primary tl-border-primary tl-overflow-hidden tl-w-full tl-h-full tl-flex tl-flex-col tl-justify-between\\">
    <header class=\\"tl-relative tl-p-4 tl-flex tl-justify-between tl-items-center tl-text-gray-200\\"><i class=\\"tl-cta-icon tl-bg-secondary\\">üç∞</i>
      <div class=\\"tl-cursor-grabbing\\"><i class=\\"i-ic-baseline-drag-indicator tl-text-primary\\"></i><i class=\\"i-ic-baseline-drag-indicator tl-text-primary\\"></i><i class=\\"i-ic-baseline-drag-indicator tl-text-primary\\"></i></div>
      <div class=\\"actions\\"><i class=\\"tl-text-sm tl-text-primary hover:tl-text-secondary tl-cursor-pointer i-carbon-moon\\"></i></div>
    </header>
    <div class=\\"tl-mb-4 tl-w-full tl-border-x-none tl-border-solid tl-border-1 tl-border-primary\\"><button class=\\"tl-bg-primary tl-text-primary tl-flex tl-items-center tl-justify-between tl-w-full tl-py-2 tl-px-4 tl-border-none tl-font-bold tl-text-xs tl-font-sans tl-cursor-pointer\\" aria-expanded=\\"false\\" aria-haspopup=\\"true\\" role=\\"button\\" data-folder=\\"camera\\" tabindex=\\"0\\"><span>camera</span><i class=\\"i-ic:baseline-keyboard-arrow-down\\"></i></button>
      <transition-stub name=\\"slide\\" enteractiveclass=\\"tl-animate-fade-in tl-animate-duration-200 tl-animate-ease-in-out\\" leaveactiveclass=\\"tl-animate-fade-out tl-animate-duration-200 tl-animate-ease-in-out\\" appear=\\"false\\" persisted=\\"true\\" css=\\"true\\">
        <div class=\\"tl-bg-white tl-rounded-b tl-pt-4 tl-bg-primary\\" role=\\"menu\\" style=\\"display: none;\\">
          <div class=\\"tl-flex tl-px-4 tl-justify-between tl-gap-1 tl-items-center tl-mb-2\\"><label for=\\"cameraPosition\\" title=\\"position\\" class=\\"tl-text-secondary tl-w-1/3 tl-truncate\\">position</label>
            <div class=\\"tl-relative tl-w-2/3 tl-flex tl-justify-between tl-gap-0.5\\">
              <div class=\\"tl-bg-secondary tl-flex tl-items-center tl-rounded tl-w-1/3 tl-w-1/2\\"><span class=\\"tl-font-bold tl-px-1 tl-py-1 tl-text-0.65rem tl-text-gray-300 dark:tl-text-gray-400\\">x</span><input id=\\"cameraPosition-x\\" type=\\"number\\" step=\\"1\\" class=\\"tl-w-full tl-px-0 tl-p-1 tl-text-right tl-text-0.65rem tl-text-primary tl-bg-transparent focus:tl-border-gray-200 tl-outline-none tl-border-none tl-font-sans tl-appearence-none\\"></div>
              <div class=\\"tl-bg-secondary tl-flex tl-items-center tl-rounded tl-w-1/3 tl-w-1/2\\"><span class=\\"tl-font-bold tl-px-1 tl-py-1 tl-text-0.65rem tl-text-gray-300 dark:tl-text-gray-400\\">y</span><input id=\\"cameraPosition-y\\" type=\\"number\\" step=\\"1\\" class=\\"tl-w-full tl-px-0 tl-p-1 tl-text-right tl-text-0.65rem tl-text-primary tl-bg-transparent focus:tl-border-gray-200 tl-outline-none tl-border-none tl-font-sans tl-appearence-none\\"></div>
              <div class=\\"tl-bg-secondary tl-flex tl-items-center tl-rounded tl-w-1/3 tl-w-1/2\\"><span class=\\"tl-font-bold tl-px-1 tl-py-1 tl-text-0.65rem tl-text-gray-300 dark:tl-text-gray-400\\">z</span><input id=\\"cameraPosition-z\\" type=\\"number\\" step=\\"1\\" class=\\"tl-w-full tl-px-0 tl-p-1 tl-text-right tl-text-0.65rem tl-text-primary tl-bg-transparent focus:tl-border-gray-200 tl-outline-none tl-border-none tl-font-sans tl-appearence-none\\"></div>
            </div>
          </div>
        </div>
      </transition-stub>
    </div>
    <!--v-if-->
  </div>
</div>"
`;
