// Vitest Snapshot v1, https://vitest.dev/guide/snapshot.html

exports[`vector Control > should render multiple numeric inputs 1`] = `
"<div id="tres-leches-pane-default" class="tl-fixed tl-top-4 tl-z-24 tl-bg-white tl-shadow-xl tl-p-1 tl-font-sans tl-text-xs tl-overflow-hidden tl-rounded-lg" >
  <header class="tl-flex tl-justify-between tl-items-center tl-text-gray-200 tl-text-xs">
    <div class="w-1/3"></div>
    <div class="tl-cursor-grabbing"><i class="i-ic-baseline-drag-indicator"></i><i class="i-ic-baseline-drag-indicator"></i><i class="i-ic-baseline-drag-indicator"></i></div>
    <div></div><i class="tl-h-4 tl-w-4 tl-p-1.5 tl-flex tl-items-center tl-line-height-0 tl-rounded-full tl-bg-gray-100 tl-text-xs tl-cursor-pointer">🍰</i>
  </header>
  <div class="mt-2">
    <!--v-if-->
    <div>
      <div class="tl-flex tl-px-4 tl-justify-between tl-gap-1 tl-items-center tl-mb-2"><label for="position" title="position" class="tl-text-gray-500 tl-w-1/3 tl-truncate">position</label>
        <div class="tl-relative tl-w-2/3 tl-flex tl-justify-between tl-gap-0.5">
          <div class="tl-flex tl-items-center tl-bg-gray-100 tl-rounded tl-w-1/3 tl-w-1/2"><span class="tl-font-bold tl-px-1 tl-py-1 tl-text-0.65rem tl-text-gray-300">x</span><input id="position-x" type="number" step="1" class="tl-w-full tl-px-0 tl-p-1 tl-text-right tl-text-0.65rem tl-text-gray-400 tl-bg-transparent focus:tl-border-gray-200 tl-outline-none tl-border-none tl-font-sans tl-appearence-none" value="0.00"></div>
          <div class="tl-flex tl-items-center tl-bg-gray-100 tl-rounded tl-w-1/3 tl-w-1/2"><span class="tl-font-bold tl-px-1 tl-py-1 tl-text-0.65rem tl-text-gray-300">y</span><input id="position-y" type="number" step="1" class="tl-w-full tl-px-0 tl-p-1 tl-text-right tl-text-0.65rem tl-text-gray-400 tl-bg-transparent focus:tl-border-gray-200 tl-outline-none tl-border-none tl-font-sans tl-appearence-none" value="2.00"></div>
          <div class="tl-flex tl-items-center tl-bg-gray-100 tl-rounded tl-w-1/3 tl-w-1/2"><span class="tl-font-bold tl-px-1 tl-py-1 tl-text-0.65rem tl-text-gray-300">z</span><input id="position-z" type="number" step="1" class="tl-w-full tl-px-0 tl-p-1 tl-text-right tl-text-0.65rem tl-text-gray-400 tl-bg-transparent focus:tl-border-gray-200 tl-outline-none tl-border-none tl-font-sans tl-appearence-none" value="4.00"></div>
        </div>
      </div>
    </div>
  </div><!-- Resize handles -->
  <!-- <span
      v-if="!isCollapsed"
      class="tl-absolute tl-right-0 tl-top-0 tl-bottom-0 tl-w-2 hover:tl-w-4 tl-transition-all tl-cursor-ew-resize tl-z-10"
      @mousedown="e => startResize('right', e)"
    ></span> --><span class="tl-absolute tl-left-0 tl-right-0 tl-bottom-0 tl-h-2 hover:tl-h-4 tl-transition-all tl-cursor-ns-resize tl-z-10"></span>
  <!-- <span
      v-if="!isCollapsed"
      class="tl-absolute tl-right-0 tl-bottom-0 tl-w-4 tl-h-4 hover:tl-w-6 hover:tl-h-6 tl-transition-all tl-cursor-nwse-resize tl-z-10"
      @mousedown="e => startResize('corner', e)"
    ></span> --><span class="tl-absolute tl-left-0 tl-top-0 tl-bottom-0 tl-w-2 hover:tl-w-4 tl-transition-all tl-cursor-ew-resize tl-z-10"></span><span class="tl-absolute tl-left-0 tl-bottom-0 tl-w-4 tl-h-4 hover:tl-w-6 hover:tl-h-6 tl-transition-all tl-cursor-nesw-resize tl-z-10"></span>
</div>"
`;
